2026-08-17 01:55:08,585 [ERROR] saas: ADMIN_SECRET env var NOT SET! Admin panel login is DISABLED.
2026-08-17 01:55:08,588 [ERROR] saas: Set it like:  set ADMIN_SECRET=your_password  (Windows)
2026-08-17 01:55:08,589 [ERROR] saas:           or:  export ADMIN_SECRET=your_password  (Linux/Mac)
2026-08-17 01:55:08,594 [INFO] saas: ============================================================
2026-08-17 01:55:08,596 [INFO] saas:  TradeBot SaaS Webapp - Starting
2026-08-17 01:55:08,597 [INFO] saas:  Bot engine dir: C:\Users\Ikoder Studio\Downloads\bot-main\bot-engine
2026-08-17 01:55:08,598 [INFO] saas:  Admin panel: DISABLED (no ADMIN_SECRET env var)
2026-08-17 01:55:08,599 [INFO] saas:  Payment wallet: YOUR_USD...HERE (TRC20 (USDT))
2026-08-17 01:55:08,603 [INFO] saas:  Google OAuth: NOT configured
2026-08-17 01:55:08,604 [INFO] saas: ============================================================
2026-08-17 23:58:55,753 [ERROR] saas: ADMIN_SECRET env var NOT SET! Admin panel login is DISABLED.
2026-08-17 23:58:55,754 [ERROR] saas: Set it like:  set ADMIN_SECRET=your_password  (Windows)
2026-08-17 23:58:55,755 [ERROR] saas:           or:  export ADMIN_SECRET=your_password  (Linux/Mac)
2026-08-17 23:58:55,756 [INFO] saas: ============================================================
2026-08-17 23:58:55,756 [INFO] saas:  TradeBot SaaS Webapp - Starting
2026-08-17 23:58:55,756 [INFO] saas:  Bot engine dir: D:\bot\bot-engine
2026-08-17 23:58:55,756 [INFO] saas:  Admin panel: DISABLED (no ADMIN_SECRET env var)
2026-08-17 23:58:55,756 [INFO] saas:  Payment wallet: YOUR_USD...HERE (TRC20 (USDT))
2026-08-17 23:58:55,756 [INFO] saas:  Google OAuth: NOT configured
2026-08-17 23:58:55,757 [INFO] saas: ============================================================
2026-08-17 23:59:40,677 [ERROR] saas: ADMIN_SECRET env var NOT SET! Admin panel login is DISABLED.
2026-08-17 23:59:40,678 [ERROR] saas: Set it like:  set ADMIN_SECRET=your_password  (Windows)
2026-08-17 23:59:40,678 [ERROR] saas:           or:  export ADMIN_SECRET=your_password  (Linux/Mac)
2026-08-17 23:59:40,679 [INFO] saas: ============================================================
2026-08-17 23:59:40,680 [INFO] saas:  TradeBot SaaS Webapp - Starting
2026-08-17 23:59:40,680 [INFO] saas:  Bot engine dir: D:\bot\bot-engine
2026-08-17 23:59:40,680 [INFO] saas:  Admin panel: DISABLED (no ADMIN_SECRET env var)
2026-08-17 23:59:40,680 [INFO] saas:  Payment wallet: YOUR_USD...HERE (TRC20 (USDT))
2026-08-17 23:59:40,680 [INFO] saas:  Google OAuth: NOT configured
2026-08-17 23:59:40,681 [INFO] saas: ============================================================
2026-08-17 23:59:40,681 [INFO] saas: PostgreSQL database tables initialized successfully
2026-08-17 23:59:40,681 [INFO] saas: Loaded 0 users, 0 licenses, 0 orders from PostgreSQL
2026-08-17 23:59:40,727 [INFO] saas: PostgreSQL database tables initialized successfully
2026-08-17 23:59:40,729 [INFO] saas: PostgreSQL database tables initialized successfully
2026-08-17 23:59:40,729 [INFO] saas: Loaded 0 users, 0 licenses, 0 orders from PostgreSQL
2026-08-18 00:00:12,514 [ERROR] saas: ADMIN_SECRET env var NOT SET! Admin panel login is DISABLED.
2026-08-18 00:00:12,515 [ERROR] saas: Set it like:  set ADMIN_SECRET=your_password  (Windows)
2026-08-18 00:00:12,515 [ERROR] saas:           or:  export ADMIN_SECRET=your_password  (Linux/Mac)
2026-08-18 00:00:12,516 [INFO] saas: ============================================================
2026-08-18 00:00:12,516 [INFO] saas:  TradeBot SaaS Webapp - Starting
2026-08-18 00:00:12,517 [INFO] saas:  Bot engine dir: D:\bot\bot-engine
2026-08-18 00:00:12,517 [INFO] saas:  Admin panel: DISABLED (no ADMIN_SECRET env var)
2026-08-18 00:00:12,517 [INFO] saas:  Payment wallet: YOUR_USD...HERE (TRC20 (USDT))
2026-08-18 00:00:12,517 [INFO] saas:  Google OAuth: NOT configured
2026-08-18 00:00:12,518 [INFO] saas: ============================================================
2026-08-18 00:00:12,518 [INFO] saas: PostgreSQL database tables initialized successfully
2026-08-18 00:00:12,518 [INFO] saas: Loaded 0 users, 0 licenses, 0 orders from PostgreSQL
2026-08-18 00:00:12,555 [INFO] saas: PostgreSQL database tables initialized successfully
2026-08-18 00:00:12,556 [INFO] saas: PostgreSQL database tables initialized successfully
2026-08-18 00:00:12,557 [INFO] saas: Loaded 1 users, 1 licenses, 1 orders from PostgreSQL
2026-08-18 00:00:49,546 [ERROR] saas: ADMIN_SECRET env var NOT SET! Admin panel login is DISABLED.
2026-08-18 00:00:49,546 [ERROR] saas: Set it like:  set ADMIN_SECRET=your_password  (Windows)
2026-08-18 00:00:49,546 [ERROR] saas:           or:  export ADMIN_SECRET=your_password  (Linux/Mac)
2026-08-18 00:00:49,547 [INFO] saas: ============================================================
2026-08-18 00:00:49,547 [INFO] saas:  TradeBot SaaS Webapp - Starting
2026-08-18 00:00:49,547 [INFO] saas:  Bot engine dir: D:\bot\bot-engine
2026-08-18 00:00:49,548 [INFO] saas:  Admin panel: DISABLED (no ADMIN_SECRET env var)
2026-08-18 00:00:49,548 [INFO] saas:  Payment wallet: YOUR_USD...HERE (TRC20 (USDT))
2026-08-18 00:00:49,548 [INFO] saas:  Google OAuth: NOT configured
2026-08-18 00:00:49,548 [INFO] saas: ============================================================
2026-08-18 00:00:49,548 [INFO] saas: PostgreSQL database tables initialized successfully
2026-08-18 00:00:49,549 [INFO] saas: Loaded 0 users, 0 licenses, 0 orders from PostgreSQL
2026-08-18 00:00:49,581 [INFO] saas: PostgreSQL database tables initialized successfully
2026-08-18 00:00:49,583 [INFO] saas: PostgreSQL database tables initialized successfully
2026-08-18 00:00:49,583 [INFO] saas: Loaded 1 users, 1 licenses, 1 orders from PostgreSQL
2026-08-18 00:06:17,375 [ERROR] saas: ADMIN_SECRET env var NOT SET! Admin panel login is DISABLED.
2026-08-18 00:06:17,376 [ERROR] saas: Set it like:  set ADMIN_SECRET=your_password  (Windows)
2026-08-18 00:06:17,376 [ERROR] saas:           or:  export ADMIN_SECRET=your_password  (Linux/Mac)
2026-08-18 00:06:17,377 [INFO] saas: ============================================================
2026-08-18 00:06:17,378 [INFO] saas:  TradeBot SaaS Webapp - Starting
2026-08-18 00:06:17,378 [INFO] saas:  Bot engine dir: D:\bot\bot-engine
2026-08-18 00:06:17,378 [INFO] saas:  Admin panel: DISABLED (no ADMIN_SECRET env var)
2026-08-18 00:06:17,378 [INFO] saas:  Payment wallet: YOUR_USD...HERE (TRC20 (USDT))
2026-08-18 00:06:17,378 [INFO] saas:  Google OAuth: NOT configured
2026-08-18 00:06:17,379 [INFO] saas: ============================================================
2026-08-18 00:06:17,379 [INFO] saas: PostgreSQL database tables initialized successfully
2026-08-18 00:06:17,379 [INFO] saas: Loaded 0 users, 0 licenses, 0 orders from PostgreSQL
2026-08-18 00:06:17,418 [INFO] saas: PostgreSQL database tables initialized successfully
2026-08-18 00:06:17,420 [INFO] saas: PostgreSQL database tables initialized successfully
2026-08-18 00:06:17,420 [INFO] saas: Loaded 1 users, 1 licenses, 1 orders from PostgreSQL
2026-08-18 00:54:08,539 [ERROR] saas: ADMIN_SECRET env var NOT SET! Admin panel login is DISABLED.
2026-08-18 00:54:08,539 [ERROR] saas: Set it like:  set ADMIN_SECRET=your_password  (Windows)
2026-08-18 00:54:08,539 [ERROR] saas:           or:  export ADMIN_SECRET=your_password  (Linux/Mac)
2026-08-18 00:54:08,540 [INFO] saas: ============================================================
2026-08-18 00:54:08,541 [INFO] saas:  TradeBot SaaS Webapp - Starting
2026-08-18 00:54:08,541 [INFO] saas:  Bot engine dir: D:\bot\bot-engine
2026-08-18 00:54:08,541 [INFO] saas:  Admin panel: DISABLED (no ADMIN_SECRET env var)
2026-08-18 00:54:08,541 [INFO] saas:  Payment wallet: YOUR_USD...HERE (TRC20 (USDT))
2026-08-18 00:54:08,541 [INFO] saas:  Google OAuth: NOT configured
2026-08-18 00:54:08,542 [INFO] saas: ============================================================
2026-08-18 00:54:08,542 [INFO] saas: Auto-migration: Adding missing column 'id' to table 'users'
2026-08-18 00:54:08,542 [INFO] saas: Auto-migration: Adding missing column 'email' to table 'users'
2026-08-18 00:54:08,542 [INFO] saas: Auto-migration: Adding missing column 'name' to table 'users'
2026-08-18 00:54:08,542 [INFO] saas: Auto-migration: Adding missing column 'password_hash' to table 'users'
2026-08-18 00:54:08,543 [INFO] saas: Auto-migration: Adding missing column 'role' to table 'users'
2026-08-18 00:54:08,543 [INFO] saas: Auto-migration: Adding missing column 'banned' to table 'users'
2026-08-18 00:54:08,543 [INFO] saas: Auto-migration: Adding missing column 'created_at' to table 'users'
2026-08-18 00:54:08,543 [INFO] saas: Auto-migration: Adding missing column 'subscription' to table 'users'
2026-08-18 00:54:08,544 [INFO] saas: Auto-migration: Adding missing column 'license_key' to table 'users'
2026-08-18 00:54:08,544 [INFO] saas: Auto-migration: Adding missing column 'referral_code' to table 'users'
2026-08-18 00:54:08,544 [INFO] saas: Auto-migration: Adding missing column 'referred_by' to table 'users'
2026-08-18 00:54:08,544 [INFO] saas: Auto-migration: Adding missing column 'bot_config' to table 'users'
2026-08-18 00:54:08,544 [INFO] saas: Auto-migration: Adding missing column 'key' to table 'licenses'
2026-08-18 00:54:08,544 [INFO] saas: Auto-migration: Adding missing column 'plan' to table 'licenses'
2026-08-18 00:54:08,545 [INFO] saas: Auto-migration: Adding missing column 'days' to table 'licenses'
2026-08-18 00:54:08,545 [INFO] saas: Auto-migration: Adding missing column 'note' to table 'licenses'
2026-08-18 00:54:08,545 [INFO] saas: Auto-migration: Adding missing column 'created_at' to table 'licenses'
2026-08-18 00:54:08,545 [INFO] saas: Auto-migration: Adding missing column 'expires_at' to table 'licenses'
2026-08-18 00:54:08,545 [INFO] saas: Auto-migration: Adding missing column 'used_by' to table 'licenses'
2026-08-18 00:54:08,545 [INFO] saas: Auto-migration: Adding missing column 'activated_at' to table 'licenses'
2026-08-18 00:54:08,545 [INFO] saas: Auto-migration: Adding missing column 'active' to table 'licenses'
2026-08-18 00:54:08,546 [INFO] saas: Auto-migration: Adding missing column 'revoked' to table 'licenses'
2026-08-18 00:54:08,546 [INFO] saas: Auto-migration: Adding missing column 'id' to table 'orders'
2026-08-18 00:54:08,546 [INFO] saas: Auto-migration: Adding missing column 'user_id' to table 'orders'
2026-08-18 00:54:08,546 [INFO] saas: Auto-migration: Adding missing column 'user_email' to table 'orders'
2026-08-18 00:54:08,546 [INFO] saas: Auto-migration: Adding missing column 'user_name' to table 'orders'
2026-08-18 00:54:08,546 [INFO] saas: Auto-migration: Adding missing column 'package_id' to table 'orders'
2026-08-18 00:54:08,547 [INFO] saas: Auto-migration: Adding missing column 'package_name' to table 'orders'
2026-08-18 00:54:08,547 [INFO] saas: Auto-migration: Adding missing column 'amount' to table 'orders'
2026-08-18 00:54:08,547 [INFO] saas: Auto-migration: Adding missing column 'currency' to table 'orders'
2026-08-18 00:54:08,547 [INFO] saas: Auto-migration: Adding missing column 'days' to table 'orders'
2026-08-18 00:54:08,548 [INFO] saas: Auto-migration: Adding missing column 'status' to table 'orders'
2026-08-18 00:54:08,548 [INFO] saas: Auto-migration: Adding missing column 'tx_hash' to table 'orders'
2026-08-18 00:54:08,548 [INFO] saas: Auto-migration: Adding missing column 'screenshot' to table 'orders'
2026-08-18 00:54:08,548 [INFO] saas: Auto-migration: Adding missing column 'created_at' to table 'orders'
2026-08-18 00:54:08,548 [INFO] saas: Auto-migration: Adding missing column 'submitted_at' to table 'orders'
2026-08-18 00:54:08,548 [INFO] saas: Auto-migration: Adding missing column 'verified_at' to table 'orders'
2026-08-18 00:54:08,548 [INFO] saas: Auto-migration: Adding missing column 'license_key' to table 'orders'
2026-08-18 00:54:08,549 [INFO] saas: Auto-migration: Adding missing column 'rejection_reason' to table 'orders'
2026-08-18 00:54:08,549 [INFO] saas: PostgreSQL database tables initialized and verified successfully
2026-08-18 00:54:08,549 [INFO] saas: Loaded 0 users, 0 licenses, 0 orders from PostgreSQL
2026-08-18 00:54:08,592 [INFO] saas: Auto-migration: Adding missing column 'id' to table 'users'
2026-08-18 00:54:08,592 [INFO] saas: Auto-migration: Adding missing column 'email' to table 'users'
2026-08-18 00:54:08,592 [INFO] saas: Auto-migration: Adding missing column 'name' to table 'users'
2026-08-18 00:54:08,592 [INFO] saas: Auto-migration: Adding missing column 'password_hash' to table 'users'
2026-08-18 00:54:08,592 [INFO] saas: Auto-migration: Adding missing column 'role' to table 'users'
2026-08-18 00:54:08,592 [INFO] saas: Auto-migration: Adding missing column 'banned' to table 'users'
2026-08-18 00:54:08,592 [INFO] saas: Auto-migration: Adding missing column 'created_at' to table 'users'
2026-08-18 00:54:08,593 [INFO] saas: Auto-migration: Adding missing column 'subscription' to table 'users'
2026-08-18 00:54:08,593 [INFO] saas: Auto-migration: Adding missing column 'license_key' to table 'users'
2026-08-18 00:54:08,593 [INFO] saas: Auto-migration: Adding missing column 'referral_code' to table 'users'
2026-08-18 00:54:08,593 [INFO] saas: Auto-migration: Adding missing column 'referred_by' to table 'users'
2026-08-18 00:54:08,594 [INFO] saas: Auto-migration: Adding missing column 'bot_config' to table 'users'
2026-08-18 00:54:08,594 [INFO] saas: Auto-migration: Adding missing column 'key' to table 'licenses'
2026-08-18 00:54:08,594 [INFO] saas: Auto-migration: Adding missing column 'plan' to table 'licenses'
2026-08-18 00:54:08,594 [INFO] saas: Auto-migration: Adding missing column 'days' to table 'licenses'
2026-08-18 00:54:08,594 [INFO] saas: Auto-migration: Adding missing column 'note' to table 'licenses'
2026-08-18 00:54:08,594 [INFO] saas: Auto-migration: Adding missing column 'created_at' to table 'licenses'
2026-08-18 00:54:08,594 [INFO] saas: Auto-migration: Adding missing column 'expires_at' to table 'licenses'
2026-08-18 00:54:08,595 [INFO] saas: Auto-migration: Adding missing column 'used_by' to table 'licenses'
2026-08-18 00:54:08,595 [INFO] saas: Auto-migration: Adding missing column 'activated_at' to table 'licenses'
2026-08-18 00:54:08,595 [INFO] saas: Auto-migration: Adding missing column 'active' to table 'licenses'
2026-08-18 00:54:08,595 [INFO] saas: Auto-migration: Adding missing column 'revoked' to table 'licenses'
2026-08-18 00:54:08,595 [INFO] saas: Auto-migration: Adding missing column 'id' to table 'orders'
2026-08-18 00:54:08,595 [INFO] saas: Auto-migration: Adding missing column 'user_id' to table 'orders'
2026-08-18 00:54:08,596 [INFO] saas: Auto-migration: Adding missing column 'user_email' to table 'orders'
2026-08-18 00:54:08,596 [INFO] saas: Auto-migration: Adding missing column 'user_name' to table 'orders'
2026-08-18 00:54:08,596 [INFO] saas: Auto-migration: Adding missing column 'package_id' to table 'orders'
2026-08-18 00:54:08,596 [INFO] saas: Auto-migration: Adding missing column 'package_name' to table 'orders'
2026-08-18 00:54:08,596 [INFO] saas: Auto-migration: Adding missing column 'amount' to table 'orders'
2026-08-18 00:54:08,596 [INFO] saas: Auto-migration: Adding missing column 'currency' to table 'orders'
2026-08-18 00:54:08,596 [INFO] saas: Auto-migration: Adding missing column 'days' to table 'orders'
2026-08-18 00:54:08,596 [INFO] saas: Auto-migration: Adding missing column 'status' to table 'orders'
2026-08-18 00:54:08,597 [INFO] saas: Auto-migration: Adding missing column 'tx_hash' to table 'orders'
2026-08-18 00:54:08,597 [INFO] saas: Auto-migration: Adding missing column 'screenshot' to table 'orders'
2026-08-18 00:54:08,597 [INFO] saas: Auto-migration: Adding missing column 'created_at' to table 'orders'
2026-08-18 00:54:08,597 [INFO] saas: Auto-migration: Adding missing column 'submitted_at' to table 'orders'
2026-08-18 00:54:08,598 [INFO] saas: Auto-migration: Adding missing column 'verified_at' to table 'orders'
2026-08-18 00:54:08,598 [INFO] saas: Auto-migration: Adding missing column 'license_key' to table 'orders'
2026-08-18 00:54:08,598 [INFO] saas: Auto-migration: Adding missing column 'rejection_reason' to table 'orders'
2026-08-18 00:54:08,598 [INFO] saas: PostgreSQL database tables initialized and verified successfully
2026-08-18 00:54:08,656 [INFO] saas: Auto-migration: Adding missing column 'id' to table 'users'
2026-08-18 00:54:08,656 [INFO] saas: Auto-migration: Adding missing column 'email' to table 'users'
2026-08-18 00:54:08,656 [INFO] saas: Auto-migration: Adding missing column 'name' to table 'users'
2026-08-18 00:54:08,656 [INFO] saas: Auto-migration: Adding missing column 'password_hash' to table 'users'
2026-08-18 00:54:08,657 [INFO] saas: Auto-migration: Adding missing column 'role' to table 'users'
2026-08-18 00:54:08,657 [INFO] saas: Auto-migration: Adding missing column 'banned' to table 'users'
2026-08-18 00:54:08,657 [INFO] saas: Auto-migration: Adding missing column 'created_at' to table 'users'
2026-08-18 00:54:08,657 [INFO] saas: Auto-migration: Adding missing column 'subscription' to table 'users'
2026-08-18 00:54:08,657 [INFO] saas: Auto-migration: Adding missing column 'license_key' to table 'users'
2026-08-18 00:54:08,657 [INFO] saas: Auto-migration: Adding missing column 'referral_code' to table 'users'
2026-08-18 00:54:08,658 [INFO] saas: Auto-migration: Adding missing column 'referred_by' to table 'users'
2026-08-18 00:54:08,658 [INFO] saas: Auto-migration: Adding missing column 'bot_config' to table 'users'
2026-08-18 00:54:08,658 [INFO] saas: Auto-migration: Adding missing column 'key' to table 'licenses'
2026-08-18 00:54:08,658 [INFO] saas: Auto-migration: Adding missing column 'plan' to table 'licenses'
2026-08-18 00:54:08,658 [INFO] saas: Auto-migration: Adding missing column 'days' to table 'licenses'
2026-08-18 00:54:08,658 [INFO] saas: Auto-migration: Adding missing column 'note' to table 'licenses'
2026-08-18 00:54:08,659 [INFO] saas: Auto-migration: Adding missing column 'created_at' to table 'licenses'
2026-08-18 00:54:08,659 [INFO] saas: Auto-migration: Adding missing column 'expires_at' to table 'licenses'
2026-08-18 00:54:08,659 [INFO] saas: Auto-migration: Adding missing column 'used_by' to table 'licenses'
2026-08-18 00:54:08,659 [INFO] saas: Auto-migration: Adding missing column 'activated_at' to table 'licenses'
2026-08-18 00:54:08,659 [INFO] saas: Auto-migration: Adding missing column 'active' to table 'licenses'
2026-08-18 00:54:08,660 [INFO] saas: Auto-migration: Adding missing column 'revoked' to table 'licenses'
2026-08-18 00:54:08,660 [INFO] saas: Auto-migration: Adding missing column 'id' to table 'orders'
2026-08-18 00:54:08,660 [INFO] saas: Auto-migration: Adding missing column 'user_id' to table 'orders'
2026-08-18 00:54:08,660 [INFO] saas: Auto-migration: Adding missing column 'user_email' to table 'orders'
2026-08-18 00:54:08,660 [INFO] saas: Auto-migration: Adding missing column 'user_name' to table 'orders'
2026-08-18 00:54:08,661 [INFO] saas: Auto-migration: Adding missing column 'package_id' to table 'orders'
2026-08-18 00:54:08,661 [INFO] saas: Auto-migration: Adding missing column 'package_name' to table 'orders'
2026-08-18 00:54:08,661 [INFO] saas: Auto-migration: Adding missing column 'amount' to table 'orders'
2026-08-18 00:54:08,661 [INFO] saas: Auto-migration: Adding missing column 'currency' to table 'orders'
2026-08-18 00:54:08,661 [INFO] saas: Auto-migration: Adding missing column 'days' to table 'orders'
2026-08-18 00:54:08,662 [INFO] saas: Auto-migration: Adding missing column 'status' to table 'orders'
2026-08-18 00:54:08,662 [INFO] saas: Auto-migration: Adding missing column 'tx_hash' to table 'orders'
2026-08-18 00:54:08,662 [INFO] saas: Auto-migration: Adding missing column 'screenshot' to table 'orders'
2026-08-18 00:54:08,662 [INFO] saas: Auto-migration: Adding missing column 'created_at' to table 'orders'
2026-08-18 00:54:08,662 [INFO] saas: Auto-migration: Adding missing column 'submitted_at' to table 'orders'
2026-08-18 00:54:08,662 [INFO] saas: Auto-migration: Adding missing column 'verified_at' to table 'orders'
2026-08-18 00:54:08,662 [INFO] saas: Auto-migration: Adding missing column 'license_key' to table 'orders'
2026-08-18 00:54:08,663 [INFO] saas: Auto-migration: Adding missing column 'rejection_reason' to table 'orders'
2026-08-18 00:54:08,663 [INFO] saas: PostgreSQL database tables initialized and verified successfully
2026-08-18 00:54:08,663 [INFO] saas: Loaded 1 users, 1 licenses, 1 orders from PostgreSQL
